
Unhandled Exception: System.AccessViolationException: Attempted to read or write protected memory. This is often an indication that other memory is corrupt.
   at Ipl.IDispatch.GetIDsOfNames(Guid& riid, String[] names, Int32 count, Int32 lcid, Int32[] dispids)
   at Ipl.NameLookup.Lookup(Object com, String name)
   at CallSite.Target(Closure , CallSite , Type , Object , Object )
   at System.Dynamic.UpdateDelegates.UpdateAndExecute3[T0,T1,T2,TRet](CallSite site, T0 arg0, T1 arg1, T2 arg2)
   at System.Management.Automation.Interpreter.DynamicInstruction`4.Run(InterpretedFrame frame)
   at System.Management.Automation.Interpreter.EnterTryCatchFinallyInstruction.Run(InterpretedFrame frame)
   at System.Management.Automation.Interpreter.EnterTryCatchFinallyInstruction.Run(InterpretedFrame frame)
   at System.Management.Automation.Interpreter.EnterTryCatchFinallyInstruction.Run(InterpretedFrame frame)
   at System.Management.Automation.Interpreter.EnterTryCatchFinallyInstruction.Run(InterpretedFrame frame)
   at System.Management.Automation.Interpreter.EnterTryCatchFinallyInstruction.Run(InterpretedFrame frame)
   at System.Management.Automation.Interpreter.EnterTryCatchFinallyInstruction.Run(InterpretedFrame frame)
   at System.Management.Automation.Interpreter.EnterTryCatchFinallyInstruction.Run(InterpretedFrame frame)
   at System.Management.Automation.Interpreter.Interpreter.Run(InterpretedFrame frame)
   at System.Management.Automation.Interpreter.LightLambda.RunVoid1[T0](T0 arg0)
   at System.Management.Automation.DlrScriptCommandProcessor.RunClause(Action`1 clause, Object dollarUnderbar, Object inputToProcess)
   at System.Management.Automation.DlrScriptCommandProcessor.Complete()
   at System.Management.Automation.CommandProcessorBase.DoComplete()
   at System.Management.Automation.Internal.PipelineProcessor.DoCompleteCore(CommandProcessorBase commandRequestingUpstreamCommandsToStop)
   at System.Management.Automation.Internal.PipelineProcessor.SynchronousExecuteEnumerate(Object input)
   at System.Management.Automation.Runspaces.LocalPipeline.InvokeHelper()
   at System.Management.Automation.Runspaces.LocalPipeline.InvokeThreadProc()
   at System.Management.Automation.Runspaces.PipelineThread.WorkerProc()
   at System.Threading.ExecutionContext.RunInternal(ExecutionContext executionContext, ContextCallback callback, Object state, Boolean preserveSyncCtx)
   at System.Threading.ExecutionContext.Run(ExecutionContext executionContext, ContextCallback callback, Object state, Boolean preserveSyncCtx)
   at System.Threading.ExecutionContext.Run(ExecutionContext executionContext, ContextCallback callback, Object state)
   at System.Threading.ThreadHelper.ThreadStart()
